// Jest Snapshot v1, https://goo.gl/fbAQLP

exports[`CustomProgressBar should match the snapshot 1`] = `
<RCTSafeAreaView>
  <View
    style={
      [
        {
          "overflow": "hidden",
        },
        {
          "backgroundColor": "#dcedc8",
          "borderRadius": 5,
          "height": 10,
          "width": "100%",
        },
      ]
    }
    testID="custom-progress-bar"
  >
    <View
      style={
        [
          {
            "height": "100%",
          },
          {
            "backgroundColor": "#2e7d32",
            "width": "0%",
          },
        ]
      }
    />
  </View>
</RCTSafeAreaView>
`;
